flashrt: GPU weights loaded in 0.8 s
flashrt: experts read into the host arena and registered in 22.1 s
flashrt: forward pass set up in 0.2 s
flashrt: MTP head loaded in 5.2 s
flashrt: 8 prefill checkpoints of 112.7 MiB in host RAM
flashrt: buffers and checkpoints allocated in 0.4 s
flashrt: expert cache and miss server set up in 0.0 s
flashrt: qwen4exp, 48 layers, expert cache 7780 slots (31.7%), MTP drafts 2 per round
flashrt: prefill of 8984 tokens in chunks of 2048 (10757 MiB free)
flashrt: prefill of 792 tokens in chunks of 2048 (10705 MiB free)
flashrt: prefill of 299 tokens in chunks of 2048 (10661 MiB free)
flashrt: prefill of 11230 tokens in chunks of 2048 (10649 MiB free)
flashrt: prefill of 299 tokens in chunks of 2048 (10659 MiB free)
flashrt: prefill of 8984 tokens in chunks of 2048 (10647 MiB free)
flashrt: prefill of 299 tokens in chunks of 2048 (10659 MiB free)
flashrt: prefill of 9056 tokens in chunks of 2048 (10647 MiB free)
flashrt: prefill of 299 tokens in chunks of 2048 (10657 MiB free)
flashrt: prefill of 8984 tokens in chunks of 2048 (10645 MiB free)
flashrt: prefill of 2270 tokens in chunks of 2048 (10645 MiB free)
flashrt: prefill of 299 tokens in chunks of 2048 (10657 MiB free)
flashrt: prefill of 8984 tokens in chunks of 2048 (10645 MiB free)
flashrt: prefill of 4888 tokens in chunks of 2048 (10645 MiB free)
flashrt: prefill of 299 tokens in chunks of 2048 (10657 MiB free)
flashrt: prefill of 8984 tokens in chunks of 2048 (10645 MiB free)
flashrt: prefill of 13476 tokens in chunks of 2048 (10641 MiB free)
flashrt: prefill of 864 tokens in chunks of 2048 (10645 MiB free)
flashrt: prefill of 8984 tokens in chunks of 2048 (10645 MiB free)
