flashrt: GPU weights loaded in 0.8 s
flashrt: experts read into the host arena and registered in 21.8 s
flashrt: forward pass set up in 0.2 s
flashrt: MTP head loaded in 5.2 s
flashrt: 8 prefill checkpoints of 112.7 MiB in host RAM
flashrt: buffers and checkpoints allocated in 0.4 s
flashrt: expert cache and miss server set up in 0.0 s
flashrt: qwen4exp, 48 layers, expert cache 7780 slots (31.7%), MTP drafts 2 per round
flashrt: prefill of 8216 tokens in chunks of 2048 (10757 MiB free)
flashrt: prefill of 299 tokens in chunks of 2048 (10629 MiB free)
flashrt: prefill of 10270 tokens in chunks of 2048 (10617 MiB free)
flashrt: prefill of 299 tokens in chunks of 2048 (10627 MiB free)
flashrt: prefill of 8216 tokens in chunks of 2048 (10615 MiB free)
flashrt: prefill of 299 tokens in chunks of 2048 (10627 MiB free)
flashrt: prefill of 8288 tokens in chunks of 2048 (10615 MiB free)
flashrt: prefill of 299 tokens in chunks of 2048 (10627 MiB free)
flashrt: prefill of 8216 tokens in chunks of 2048 (10615 MiB free)
flashrt: prefill of 2078 tokens in chunks of 2048 (10615 MiB free)
flashrt: prefill of 299 tokens in chunks of 2048 (10627 MiB free)
flashrt: prefill of 8216 tokens in chunks of 2048 (10615 MiB free)
flashrt: prefill of 4120 tokens in chunks of 2048 (10615 MiB free)
flashrt: prefill of 299 tokens in chunks of 2048 (10627 MiB free)
flashrt: prefill of 8216 tokens in chunks of 2048 (10615 MiB free)
flashrt: prefill of 12324 tokens in chunks of 2048 (10611 MiB free)
flashrt: prefill of 8216 tokens in chunks of 2048 (10519 MiB free)
