flashrt: GPU weights loaded in 0.8 s
flashrt: experts read into the host arena and registered in 21.2 s
flashrt: forward pass set up in 0.2 s
flashrt: MTP head loaded in 5.2 s
flashrt: 8 prefill checkpoints of 112.7 MiB in host RAM
flashrt: buffers and checkpoints allocated in 0.4 s
flashrt: expert cache and miss server set up in 0.0 s
flashrt: qwen4exp, 48 layers, expert cache 7780 slots (31.7%), MTP drafts 2 per round
flashrt: prefill of 8999 tokens in chunks of 2048 (10757 MiB free)
flashrt: prefill of 807 tokens in chunks of 2048 (10691 MiB free)
flashrt: prefill of 299 tokens in chunks of 2048 (10639 MiB free)
flashrt: prefill of 11249 tokens in chunks of 2048 (10627 MiB free)
flashrt: prefill of 299 tokens in chunks of 2048 (10639 MiB free)
flashrt: prefill of 8999 tokens in chunks of 2048 (10627 MiB free)
flashrt: prefill of 299 tokens in chunks of 2048 (10639 MiB free)
flashrt: prefill of 9071 tokens in chunks of 2048 (10627 MiB free)
flashrt: prefill of 299 tokens in chunks of 2048 (10639 MiB free)
flashrt: prefill of 8999 tokens in chunks of 2048 (10627 MiB free)
flashrt: prefill of 2274 tokens in chunks of 2048 (10627 MiB free)
flashrt: prefill of 299 tokens in chunks of 2048 (10639 MiB free)
flashrt: prefill of 8999 tokens in chunks of 2048 (10627 MiB free)
flashrt: prefill of 4903 tokens in chunks of 2048 (10627 MiB free)
flashrt: prefill of 299 tokens in chunks of 2048 (10639 MiB free)
flashrt: prefill of 8999 tokens in chunks of 2048 (10627 MiB free)
flashrt: prefill of 13499 tokens in chunks of 2048 (10623 MiB free)
flashrt: prefill of 879 tokens in chunks of 2048 (10627 MiB free)
flashrt: prefill of 8999 tokens in chunks of 2048 (10627 MiB free)
