flashrt: GPU weights loaded in 0.8 s
flashrt: experts read into the host arena and registered in 23.9 s
flashrt: forward pass set up in 0.6 s
flashrt: MTP head loaded in 5.4 s
flashrt: 8 prefill checkpoints of 112.7 MiB in host RAM
flashrt: buffers and checkpoints allocated in 0.3 s
flashrt: expert cache and miss server set up in 0.0 s
flashrt: qwen4exp, 48 layers, expert cache 7660 slots (31.2%), MTP drafts 2 per round
[2m2026-09-30T10:02:42.256116Z[0m [32m INFO[0m [2mflashrt_server[0m[2m:[0m engine ready [3mversion[0m[2m=[0m0.1.0 [3march[0m[2m=[0mqwen4exp [3mmax_context[0m[2m=[0m131072
[2m2026-09-30T10:02:42.256217Z[0m [32m INFO[0m [2mflashrt_server[0m[2m:[0m listening on 127.0.0.1:8090
[2m2026-09-30T10:02:43.830222Z[0m [32m INFO[0m [2mflashrt_server::chat[0m[2m:[0m r0: prompt 28 (reused 0) in 673 ms, 3 tokens in 30 ms, Stop
[2m2026-09-30T10:02:45.579207Z[0m [32m INFO[0m [2mflashrt_server::chat[0m[2m:[0m r1: prompt 59 (reused 0) in 484 ms, 123 tokens in 1264 ms, Stop
flashrt: prefill of 326 tokens in chunks of 302 (9735 MiB free)
[2m2026-09-30T10:02:47.239886Z[0m [32m INFO[0m [2mflashrt_server::chat[0m[2m:[0m r2: prompt 327 (reused 0) in 1276 ms, 44 tokens in 383 ms, ToolCalls
[2m2026-09-30T10:02:47.856198Z[0m [32m INFO[0m [2mflashrt_server::chat[0m[2m:[0m r3: prompt 402 (reused 372) in 287 ms, 42 tokens in 327 ms, Stop
[2m2026-09-30T10:02:48.313559Z[0m [32m INFO[0m [2mflashrt_server::chat[0m[2m:[0m r4: prompt 24 (reused 0) in 240 ms, 22 tokens in 216 ms, StopSequence
[2m2026-09-30T10:02:48.411852Z[0m [32m INFO[0m [2mflashrt_server::chat[0m[2m:[0m r5: prompt 5 (reused 0) in 75 ms, 2 tokens in 21 ms, Stop
[2m2026-09-30T10:02:49.549410Z[0m [32m INFO[0m [2mflashrt_server::chat[0m[2m:[0m r6: prompt 62 (reused 0) in 477 ms, 79 tokens in 659 ms, Stop
flashrt: prefill of 321 tokens in chunks of 297 (9725 MiB free)
[2m2026-09-30T10:02:51.283869Z[0m [32m INFO[0m [2mflashrt_server::chat[0m[2m:[0m r7: prompt 322 (reused 0) in 1230 ms, 54 tokens in 502 ms, ToolCalls
[2m2026-09-30T10:02:51.926858Z[0m [32m INFO[0m [2mflashrt_server::chat[0m[2m:[0m r8: prompt 60 (reused 0) in 478 ms, 24 tokens in 163 ms, Cancelled
[2m2026-09-30T10:02:52.111722Z[0m [32m INFO[0m [2mflashrt_server::chat[0m[2m:[0m r9: prompt 15 (reused 0) in 160 ms, 1 tokens in 24 ms, Stop
[2m2026-09-30T10:02:52.142408Z[0m [32m INFO[0m [2mflashrt_server::chat[0m[2m:[0m r10: prompt 15 (reused 14) in 11 ms, 2 tokens in 18 ms, Stop
[2m2026-09-30T10:02:52.153329Z[0m [32m INFO[0m [2mflashrt_server[0m[2m:[0m shutting down
[2m2026-09-30T10:02:53.182348Z[0m [32m INFO[0m [2mflashrt_server::engine[0m[2m:[0m engine output ended
[2m2026-09-30T10:02:53.182386Z[0m [31mERROR[0m [2mflashrt_server[0m[2m:[0m the engine is down; exiting in 3 s
[2m2026-09-30T10:02:55.383035Z[0m [32m INFO[0m [2mflashrt_server::engine[0m[2m:[0m engine exited: exit status: 0
