flashrt: GPU weights loaded in 0.8 s
flashrt: experts read into the host arena and registered in 23.2 s
flashrt: forward pass set up in 0.6 s
flashrt: MTP head loaded in 5.2 s
flashrt: 8 prefill checkpoints of 112.7 MiB in host RAM
flashrt: buffers and checkpoints allocated in 0.3 s
flashrt: expert cache and miss server set up in 0.0 s
flashrt: qwen4exp, 48 layers, expert cache 7660 slots (31.2%), MTP drafts 2 per round
[2m2026-09-30T04:18:36.973687Z[0m [32m INFO[0m [2mflashrt_server[0m[2m:[0m engine ready [3mversion[0m[2m=[0m0.1.0 [3march[0m[2m=[0mqwen4exp [3mmax_context[0m[2m=[0m131072
[2m2026-09-30T04:18:36.973786Z[0m [32m INFO[0m [2mflashrt_server[0m[2m:[0m listening on 127.0.0.1:8090
flashrt: prefill of 488 tokens in chunks of 488 (9935 MiB free)
[2m2026-09-30T04:18:40.527163Z[0m [32m INFO[0m [2mflashrt_server::chat[0m[2m:[0m r0: prompt 489 (reused 0) in 1248 ms, 60 tokens in 522 ms, ToolCalls
flashrt: prefill of 7366 tokens in chunks of 7366 (9875 MiB free)
[2m2026-09-30T04:18:42.631473Z[0m [32m INFO[0m [2mflashrt_server::chat[0m[2m:[0m r1: prompt 7918 (reused 551) in 1697 ms, 38 tokens in 401 ms, ToolCalls
flashrt: prefill of 7293 tokens in chunks of 7293 (9855 MiB free)
[2m2026-09-30T04:18:46.514721Z[0m [32m INFO[0m [2mflashrt_server::chat[0m[2m:[0m r2: prompt 15251 (reused 7957) in 1687 ms, 262 tokens in 2189 ms, ToolCalls
[2m2026-09-30T04:18:49.394057Z[0m [32m INFO[0m [2mflashrt_server::chat[0m[2m:[0m r3: prompt 15617 (reused 15514) in 792 ms, 303 tokens in 2081 ms, ToolCalls
flashrt: prefill of 4647 tokens in chunks of 4647 (9653 MiB free)
[2m2026-09-30T04:18:51.556833Z[0m [32m INFO[0m [2mflashrt_server::chat[0m[2m:[0m r4: prompt 20570 (reused 15922) in 1235 ms, 99 tokens in 919 ms, ToolCalls
flashrt: prefill of 10785 tokens in chunks of 10785 (9643 MiB free)
[2m2026-09-30T04:18:57.178772Z[0m [32m INFO[0m [2mflashrt_server::chat[0m[2m:[0m r5: prompt 31456 (reused 20670) in 2344 ms, 369 tokens in 3268 ms, ToolCalls
flashrt: prefill of 8576 tokens in chunks of 8576 (9629 MiB free)
[2m2026-09-30T04:19:03.148682Z[0m [32m INFO[0m [2mflashrt_server::chat[0m[2m:[0m r6: prompt 40403 (reused 31826) in 1899 ms, 497 tokens in 4057 ms, ToolCalls
flashrt: prefill of 8577 tokens in chunks of 8577 (9617 MiB free)
[2m2026-09-30T04:19:08.022147Z[0m [32m INFO[0m [2mflashrt_server::chat[0m[2m:[0m r7: prompt 49478 (reused 40900) in 1922 ms, 286 tokens in 2937 ms, ToolCalls
flashrt: prefill of 8617 tokens in chunks of 8617 (9609 MiB free)
[2m2026-09-30T04:19:14.449091Z[0m [32m INFO[0m [2mflashrt_server::chat[0m[2m:[0m r8: prompt 58384 (reused 49766) in 1944 ms, 512 tokens in 4468 ms, Length
flashrt: prefill of 1592 tokens in chunks of 1592 (9609 MiB free)
[2m2026-09-30T04:19:16.922169Z[0m [32m INFO[0m [2mflashrt_server::chat[0m[2m:[0m r9: prompt 60489 (reused 58896) in 1045 ms, 124 tokens in 1413 ms, ToolCalls
flashrt: prefill of 6113 tokens in chunks of 6113 (9597 MiB free)
[2m2026-09-30T04:19:21.176813Z[0m [32m INFO[0m [2mflashrt_server::chat[0m[2m:[0m r10: prompt 66728 (reused 60614) in 1522 ms, 324 tokens in 2711 ms, ToolCalls
flashrt: prefill of 303 tokens in chunks of 303 (9597 MiB free)
[2m2026-09-30T04:19:25.689901Z[0m [32m INFO[0m [2mflashrt_server::chat[0m[2m:[0m r11: prompt 67358 (reused 67054) in 1039 ms, 370 tokens in 3453 ms, ToolCalls
[2m2026-09-30T04:19:26.058023Z[0m [32m INFO[0m [2mflashrt_server::chat[0m[2m:[0m r12: prompt 28 (reused 0) in 279 ms, 3 tokens in 40 ms, Stop
[2m2026-09-30T04:19:27.288618Z[0m [32m INFO[0m [2mflashrt_server::chat[0m[2m:[0m r13: prompt 59 (reused 0) in 479 ms, 77 tokens in 750 ms, Stop
flashrt: prefill of 326 tokens in chunks of 302 (9671 MiB free)
[2m2026-09-30T04:19:28.944360Z[0m [32m INFO[0m [2mflashrt_server::chat[0m[2m:[0m r14: prompt 327 (reused 0) in 1216 ms, 44 tokens in 438 ms, ToolCalls
[2m2026-09-30T04:19:29.593950Z[0m [32m INFO[0m [2mflashrt_server::chat[0m[2m:[0m r15: prompt 402 (reused 372) in 288 ms, 34 tokens in 360 ms, Stop
[2m2026-09-30T04:19:30.054141Z[0m [32m INFO[0m [2mflashrt_server::chat[0m[2m:[0m r16: prompt 24 (reused 0) in 241 ms, 22 tokens in 218 ms, StopSequence
[2m2026-09-30T04:19:30.157926Z[0m [32m INFO[0m [2mflashrt_server::chat[0m[2m:[0m r17: prompt 5 (reused 0) in 77 ms, 2 tokens in 25 ms, Stop
[2m2026-09-30T04:19:31.185615Z[0m [32m INFO[0m [2mflashrt_server::chat[0m[2m:[0m r18: prompt 62 (reused 0) in 477 ms, 60 tokens in 549 ms, Stop
flashrt: prefill of 321 tokens in chunks of 297 (9671 MiB free)
[2m2026-09-30T04:19:32.781095Z[0m [32m INFO[0m [2mflashrt_server::chat[0m[2m:[0m r19: prompt 322 (reused 0) in 1221 ms, 40 tokens in 372 ms, ToolCalls
[2m2026-09-30T04:19:33.437459Z[0m [32m INFO[0m [2mflashrt_server::chat[0m[2m:[0m r20: prompt 60 (reused 0) in 462 ms, 25 tokens in 193 ms, Cancelled
[2m2026-09-30T04:19:33.628986Z[0m [32m INFO[0m [2mflashrt_server::chat[0m[2m:[0m r21: prompt 15 (reused 0) in 164 ms, 1 tokens in 27 ms, Stop
[2m2026-09-30T04:19:33.665401Z[0m [32m INFO[0m [2mflashrt_server::chat[0m[2m:[0m r22: prompt 15 (reused 14) in 12 ms, 1 tokens in 23 ms, Stop
[2m2026-09-30T04:19:33.675917Z[0m [32m INFO[0m [2mflashrt_server[0m[2m:[0m shutting down
[2m2026-09-30T04:19:34.791464Z[0m [32m INFO[0m [2mflashrt_server::engine[0m[2m:[0m engine output ended
[2m2026-09-30T04:19:34.791501Z[0m [31mERROR[0m [2mflashrt_server[0m[2m:[0m the engine is down; exiting in 3 s
[2m2026-09-30T04:19:36.983575Z[0m [32m INFO[0m [2mflashrt_server::engine[0m[2m:[0m engine exited: exit status: 0
