flashrt: GPU weights loaded in 0.8 s
flashrt: experts read into the host arena and registered in 25.7 s
flashrt: forward pass set up in 0.7 s
flashrt: MTP head loaded in 5.1 s
flashrt: 8 prefill checkpoints of 112.7 MiB in host RAM
flashrt: buffers and checkpoints allocated in 0.3 s
flashrt: expert cache and miss server set up in 0.0 s
flashrt: qwen4exp, 48 layers, expert cache 7660 slots (31.2%), MTP drafts 2 per round
[2m2026-09-30T05:56:55.369565Z[0m [32m INFO[0m [2mflashrt_server[0m[2m:[0m engine ready [3mversion[0m[2m=[0m0.1.0 [3march[0m[2m=[0mqwen4exp [3mmax_context[0m[2m=[0m131072
[2m2026-09-30T05:56:55.369662Z[0m [32m INFO[0m [2mflashrt_server[0m[2m:[0m listening on 127.0.0.1:8090
flashrt: prefill of 488 tokens in chunks of 488 (9935 MiB free)
[2m2026-09-30T05:56:58.455482Z[0m [32m INFO[0m [2mflashrt_server::chat[0m[2m:[0m r0: prompt 489 (reused 0) in 1242 ms, 60 tokens in 496 ms, ToolCalls
flashrt: prefill of 7352 tokens in chunks of 7352 (9875 MiB free)
[2m2026-09-30T05:57:00.563808Z[0m [32m INFO[0m [2mflashrt_server::chat[0m[2m:[0m r1: prompt 7904 (reused 551) in 1700 ms, 38 tokens in 403 ms, ToolCalls
flashrt: prefill of 7279 tokens in chunks of 7279 (9855 MiB free)
[2m2026-09-30T05:57:04.879707Z[0m [32m INFO[0m [2mflashrt_server::chat[0m[2m:[0m r2: prompt 15223 (reused 7943) in 1694 ms, 317 tokens in 2615 ms, ToolCalls
flashrt: prefill of 1728 tokens in chunks of 1728 (9851 MiB free)
[2m2026-09-30T05:57:06.935073Z[0m [32m INFO[0m [2mflashrt_server::chat[0m[2m:[0m r3: prompt 17270 (reused 15541) in 1036 ms, 122 tokens in 1012 ms, ToolCalls
flashrt: prefill of 6391 tokens in chunks of 6391 (9847 MiB free)
[2m2026-09-30T05:57:09.057787Z[0m [32m INFO[0m [2mflashrt_server::chat[0m[2m:[0m r4: prompt 23784 (reused 17392) in 1521 ms, 60 tokens in 593 ms, ToolCalls
flashrt: prefill of 7790 tokens in chunks of 7790 (9839 MiB free)
[2m2026-09-30T05:57:14.745768Z[0m [32m INFO[0m [2mflashrt_server::chat[0m[2m:[0m r5: prompt 31637 (reused 23846) in 1777 ms, 512 tokens in 3901 ms, Length
flashrt: prefill of 1660 tokens in chunks of 1660 (9833 MiB free)
[2m2026-09-30T05:57:16.768846Z[0m [32m INFO[0m [2mflashrt_server::chat[0m[2m:[0m r6: prompt 33809 (reused 32148) in 1048 ms, 93 tokens in 964 ms, ToolCalls
flashrt: prefill of 8575 tokens in chunks of 8575 (9825 MiB free)
[2m2026-09-30T05:57:22.380102Z[0m [32m INFO[0m [2mflashrt_server::chat[0m[2m:[0m r7: prompt 42480 (reused 33904) in 1920 ms, 512 tokens in 3679 ms, Length
flashrt: prefill of 7803 tokens in chunks of 7803 (9817 MiB free)
[2m2026-09-30T05:57:27.834599Z[0m [32m INFO[0m [2mflashrt_server::chat[0m[2m:[0m r8: prompt 50283 (reused 42479) in 1810 ms, 406 tokens in 3630 ms, ToolCalls
[2m2026-09-30T05:57:32.250966Z[0m [32m INFO[0m [2mflashrt_server::chat[0m[2m:[0m r9: prompt 50847 (reused 50689) in 1414 ms, 437 tokens in 2989 ms, ToolCalls
flashrt: prefill of 7712 tokens in chunks of 7712 (9599 MiB free)
[2m2026-09-30T05:57:38.051086Z[0m [32m INFO[0m [2mflashrt_server::chat[0m[2m:[0m r10: prompt 58997 (reused 51284) in 1816 ms, 512 tokens in 3968 ms, Length
flashrt: prefill of 3808 tokens in chunks of 3808 (9595 MiB free)
[2m2026-09-30T05:57:39.924349Z[0m [32m INFO[0m [2mflashrt_server::chat[0m[2m:[0m r11: prompt 62805 (reused 58996) in 1146 ms, 72 tokens in 711 ms, ToolCalls
[2m2026-09-30T05:57:39.935493Z[0m [32m INFO[0m [2mflashrt_server[0m[2m:[0m shutting down
[2m2026-09-30T05:57:40.960106Z[0m [32m INFO[0m [2mflashrt_server::engine[0m[2m:[0m engine output ended
[2m2026-09-30T05:57:40.960138Z[0m [31mERROR[0m [2mflashrt_server[0m[2m:[0m the engine is down; exiting in 3 s
[2m2026-09-30T05:57:43.155166Z[0m [32m INFO[0m [2mflashrt_server::engine[0m[2m:[0m engine exited: exit status: 0
