flashrt: GPU weights loaded in 0.8 s
flashrt: experts read into the host arena and registered in 22.5 s
flashrt: forward pass set up in 0.7 s
flashrt: MTP head loaded in 5.3 s
flashrt: 8 prefill checkpoints of 112.7 MiB in host RAM
flashrt: buffers and checkpoints allocated in 0.3 s
flashrt: expert cache and miss server set up in 0.0 s
flashrt: qwen4exp, 48 layers, expert cache 7660 slots (31.2%), MTP drafts 2 per round
[2m2026-09-30T05:58:13.057708Z[0m [32m INFO[0m [2mflashrt_server[0m[2m:[0m engine ready [3mversion[0m[2m=[0m0.1.0 [3march[0m[2m=[0mqwen4exp [3mmax_context[0m[2m=[0m131072
[2m2026-09-30T05:58:13.057807Z[0m [32m INFO[0m [2mflashrt_server[0m[2m:[0m listening on 127.0.0.1:8090
flashrt: prefill of 488 tokens in chunks of 488 (9935 MiB free)
[2m2026-09-30T05:58:15.040451Z[0m [32m INFO[0m [2mflashrt_server::chat[0m[2m:[0m r0: prompt 489 (reused 0) in 1230 ms, 60 tokens in 451 ms, ToolCalls
flashrt: prefill of 7352 tokens in chunks of 7352 (9875 MiB free)
[2m2026-09-30T05:58:17.020422Z[0m [32m INFO[0m [2mflashrt_server::chat[0m[2m:[0m r1: prompt 7904 (reused 551) in 1680 ms, 38 tokens in 294 ms, ToolCalls
flashrt: prefill of 7279 tokens in chunks of 7279 (9855 MiB free)
[2m2026-09-30T05:58:20.131350Z[0m [32m INFO[0m [2mflashrt_server::chat[0m[2m:[0m r2: prompt 15223 (reused 7943) in 1674 ms, 156 tokens in 1430 ms, ToolCalls
[2m2026-09-30T05:58:22.600431Z[0m [32m INFO[0m [2mflashrt_server::chat[0m[2m:[0m r3: prompt 15483 (reused 15379) in 826 ms, 218 tokens in 1637 ms, ToolCalls
flashrt: prefill of 1649 tokens in chunks of 1649 (9657 MiB free)
[2m2026-09-30T05:58:25.116355Z[0m [32m INFO[0m [2mflashrt_server::chat[0m[2m:[0m r4: prompt 17351 (reused 15701) in 1017 ms, 164 tokens in 1491 ms, ToolCalls
flashrt: prefill of 7279 tokens in chunks of 7279 (9649 MiB free)
[2m2026-09-30T05:58:29.460965Z[0m [32m INFO[0m [2mflashrt_server::chat[0m[2m:[0m r5: prompt 24796 (reused 17516) in 1674 ms, 314 tokens in 2662 ms, ToolCalls
flashrt: prefill of 3158 tokens in chunks of 3158 (9647 MiB free)
[2m2026-09-30T05:58:34.436182Z[0m [32m INFO[0m [2mflashrt_server::chat[0m[2m:[0m r6: prompt 28269 (reused 25110) in 1073 ms, 512 tokens in 3894 ms, Length
flashrt: prefill of 2172 tokens in chunks of 2172 (9643 MiB free)
[2m2026-09-30T05:58:36.915988Z[0m [32m INFO[0m [2mflashrt_server::chat[0m[2m:[0m r7: prompt 30441 (reused 28268) in 1076 ms, 175 tokens in 1396 ms, ToolCalls
flashrt: prefill of 11847 tokens in chunks of 11847 (9629 MiB free)
[2m2026-09-30T05:58:43.330850Z[0m [32m INFO[0m [2mflashrt_server::chat[0m[2m:[0m r8: prompt 42464 (reused 30616) in 2493 ms, 512 tokens in 3907 ms, Length
flashrt: prefill of 7290 tokens in chunks of 7290 (9615 MiB free)
[2m2026-09-30T05:58:47.949515Z[0m [32m INFO[0m [2mflashrt_server::chat[0m[2m:[0m r9: prompt 50267 (reused 42976) in 1711 ms, 343 tokens in 2894 ms, ToolCalls
flashrt: prefill of 7791 tokens in chunks of 7791 (9607 MiB free)
[2m2026-09-30T05:58:53.814870Z[0m [32m INFO[0m [2mflashrt_server::chat[0m[2m:[0m r10: prompt 58403 (reused 50611) in 1790 ms, 512 tokens in 4059 ms, Length
flashrt: prefill of 3809 tokens in chunks of 3809 (9603 MiB free)
[2m2026-09-30T05:58:59.180274Z[0m [32m INFO[0m [2mflashrt_server::chat[0m[2m:[0m r11: prompt 62212 (reused 58402) in 1120 ms, 512 tokens in 4231 ms, Length
[2m2026-09-30T05:58:59.191399Z[0m [32m INFO[0m [2mflashrt_server[0m[2m:[0m shutting down
[2m2026-09-30T05:59:00.229400Z[0m [32m INFO[0m [2mflashrt_server::engine[0m[2m:[0m engine output ended
[2m2026-09-30T05:59:00.229438Z[0m [31mERROR[0m [2mflashrt_server[0m[2m:[0m the engine is down; exiting in 3 s
[2m2026-09-30T05:59:02.420884Z[0m [32m INFO[0m [2mflashrt_server::engine[0m[2m:[0m engine exited: exit status: 0
