flashrt: GPU weights loaded in 0.8 s
flashrt: experts read into the host arena and registered in 26.8 s
flashrt: forward pass set up in 0.7 s
flashrt: MTP head loaded in 5.3 s
flashrt: 8 prefill checkpoints of 112.7 MiB in host RAM
flashrt: buffers and checkpoints allocated in 0.4 s
flashrt: expert cache and miss server set up in 0.0 s
flashrt: qwen4exp, 48 layers, expert cache 7660 slots (31.2%), MTP drafts 2 per round
[2m2026-09-30T16:59:21.065099Z[0m [32m INFO[0m [2mflashrt_server[0m[2m:[0m engine ready [3mversion[0m[2m=[0m0.1.0 [3march[0m[2m=[0mqwen4exp [3mmax_context[0m[2m=[0m131072
[2m2026-09-30T16:59:21.065197Z[0m [32m INFO[0m [2mflashrt_server[0m[2m:[0m listening on 127.0.0.1:8090
[2m2026-09-30T16:59:21.863353Z[0m [32m INFO[0m [2mflashrt_server::chat[0m[2m:[0m r0: prompt 28 (reused 0) in 676 ms, 3 tokens in 29 ms, Stop
[2m2026-09-30T16:59:23.135709Z[0m [32m INFO[0m [2mflashrt_server::chat[0m[2m:[0m r1: prompt 59 (reused 0) in 472 ms, 77 tokens in 799 ms, Stop
flashrt: prefill of 326 tokens in chunks of 302 (9735 MiB free)
[2m2026-09-30T16:59:24.793124Z[0m [32m INFO[0m [2mflashrt_server::chat[0m[2m:[0m r2: prompt 327 (reused 0) in 1277 ms, 44 tokens in 379 ms, ToolCalls
[2m2026-09-30T16:59:25.432546Z[0m [32m INFO[0m [2mflashrt_server::chat[0m[2m:[0m r3: prompt 402 (reused 372) in 291 ms, 42 tokens in 346 ms, Stop
[2m2026-09-30T16:59:25.905083Z[0m [32m INFO[0m [2mflashrt_server::chat[0m[2m:[0m r4: prompt 24 (reused 0) in 249 ms, 22 tokens in 222 ms, StopSequence
[2m2026-09-30T16:59:26.003618Z[0m [32m INFO[0m [2mflashrt_server::chat[0m[2m:[0m r5: prompt 5 (reused 0) in 76 ms, 2 tokens in 21 ms, Stop
[2m2026-09-30T16:59:26.952166Z[0m [32m INFO[0m [2mflashrt_server::chat[0m[2m:[0m r6: prompt 62 (reused 0) in 517 ms, 50 tokens in 431 ms, Stop
flashrt: prefill of 321 tokens in chunks of 297 (9725 MiB free)
[2m2026-09-30T16:59:28.552669Z[0m [32m INFO[0m [2mflashrt_server::chat[0m[2m:[0m r7: prompt 322 (reused 0) in 1233 ms, 44 tokens in 366 ms, ToolCalls
[2m2026-09-30T16:59:29.211762Z[0m [32m INFO[0m [2mflashrt_server::chat[0m[2m:[0m r8: prompt 60 (reused 0) in 481 ms, 26 tokens in 176 ms, Cancelled
[2m2026-09-30T16:59:29.401222Z[0m [32m INFO[0m [2mflashrt_server::chat[0m[2m:[0m r9: prompt 15 (reused 0) in 164 ms, 1 tokens in 26 ms, Stop
[2m2026-09-30T16:59:29.436727Z[0m [32m INFO[0m [2mflashrt_server::chat[0m[2m:[0m r10: prompt 15 (reused 14) in 11 ms, 1 tokens in 22 ms, Stop
[2m2026-09-30T16:59:29.447989Z[0m [32m INFO[0m [2mflashrt_server[0m[2m:[0m shutting down
[2m2026-09-30T16:59:30.483759Z[0m [32m INFO[0m [2mflashrt_server::engine[0m[2m:[0m engine output ended
[2m2026-09-30T16:59:30.483803Z[0m [31mERROR[0m [2mflashrt_server[0m[2m:[0m the engine is down; exiting in 3 s
[2m2026-09-30T16:59:32.798279Z[0m [32m INFO[0m [2mflashrt_server::engine[0m[2m:[0m engine exited: exit status: 0
