flashrt: GPU weights loaded in 0.9 s
flashrt: experts read into the host arena and registered in 26.3 s
flashrt: forward pass set up in 1.3 s
flashrt: MTP head loaded in 5.2 s
flashrt: 8 prefill checkpoints of 112.7 MiB in host RAM
flashrt: buffers and checkpoints allocated in 0.4 s
flashrt: expert cache and miss server set up in 0.0 s
flashrt: qwen4exp, 48 layers, expert cache 7498 slots (30.5%), MTP drafts 2 per round
[2m2026-09-30T04:48:41.232914Z[0m [32m INFO[0m [2mflashrt_server[0m[2m:[0m engine ready [3mversion[0m[2m=[0m0.1.0 [3march[0m[2m=[0mqwen4exp [3mmax_context[0m[2m=[0m262144
[2m2026-09-30T04:48:41.233013Z[0m [32m INFO[0m [2mflashrt_server[0m[2m:[0m listening on 127.0.0.1:8090
[2m2026-09-30T04:48:43.886371Z[0m [32m INFO[0m [2mflashrt_server::chat[0m[2m:[0m r0: prompt 28 (reused 0) in 682 ms, 3 tokens in 32 ms, Stop
[2m2026-09-30T04:48:45.538041Z[0m [32m INFO[0m [2mflashrt_server::chat[0m[2m:[0m r1: prompt 59 (reused 0) in 507 ms, 103 tokens in 1143 ms, Stop
flashrt: prefill of 326 tokens in chunks of 302 (9521 MiB free)
[2m2026-09-30T04:48:47.209894Z[0m [32m INFO[0m [2mflashrt_server::chat[0m[2m:[0m r2: prompt 327 (reused 0) in 1276 ms, 44 tokens in 394 ms, ToolCalls
[2m2026-09-30T04:48:48.068220Z[0m [32m INFO[0m [2mflashrt_server::chat[0m[2m:[0m r3: prompt 402 (reused 372) in 302 ms, 57 tokens in 554 ms, Stop
[2m2026-09-30T04:48:48.536152Z[0m [32m INFO[0m [2mflashrt_server::chat[0m[2m:[0m r4: prompt 24 (reused 0) in 239 ms, 22 tokens in 227 ms, StopSequence
[2m2026-09-30T04:48:48.634739Z[0m [32m INFO[0m [2mflashrt_server::chat[0m[2m:[0m r5: prompt 5 (reused 0) in 75 ms, 2 tokens in 22 ms, Stop
[2m2026-09-30T04:48:49.653993Z[0m [32m INFO[0m [2mflashrt_server::chat[0m[2m:[0m r6: prompt 62 (reused 0) in 477 ms, 67 tokens in 541 ms, Stop
flashrt: prefill of 321 tokens in chunks of 297 (9511 MiB free)
[2m2026-09-30T04:48:51.242278Z[0m [32m INFO[0m [2mflashrt_server::chat[0m[2m:[0m r7: prompt 322 (reused 0) in 1218 ms, 44 tokens in 369 ms, ToolCalls
[2m2026-09-30T04:48:51.881862Z[0m [32m INFO[0m [2mflashrt_server::chat[0m[2m:[0m r8: prompt 60 (reused 0) in 462 ms, 27 tokens in 176 ms, Cancelled
[2m2026-09-30T04:48:52.064064Z[0m [32m INFO[0m [2mflashrt_server::chat[0m[2m:[0m r9: prompt 15 (reused 0) in 157 ms, 1 tokens in 26 ms, Stop
[2m2026-09-30T04:48:52.098897Z[0m [32m INFO[0m [2mflashrt_server::chat[0m[2m:[0m r10: prompt 15 (reused 14) in 11 ms, 1 tokens in 22 ms, Stop
[2m2026-09-30T04:48:52.110072Z[0m [32m INFO[0m [2mflashrt_server[0m[2m:[0m shutting down
[2m2026-09-30T04:48:53.371910Z[0m [32m INFO[0m [2mflashrt_server::engine[0m[2m:[0m engine output ended
[2m2026-09-30T04:48:53.371949Z[0m [31mERROR[0m [2mflashrt_server[0m[2m:[0m the engine is down; exiting in 3 s
[2m2026-09-30T04:48:55.575109Z[0m [32m INFO[0m [2mflashrt_server::engine[0m[2m:[0m engine exited: exit status: 0
