flashrt: GPU weights loaded in 0.9 s
flashrt: experts read into the host arena and registered in 26.9 s
flashrt: forward pass set up in 0.3 s
flashrt: MTP head loaded in 5.1 s
flashrt: 8 prefill checkpoints of 112.7 MiB in host RAM
flashrt: buffers and checkpoints allocated in 0.4 s
flashrt: expert cache filled from $BENCH/cache-prior-calib32k.bin (32768 tokens)
flashrt: expert cache and miss server set up in 0.2 s
flashrt: qwen4exp, 48 layers, expert cache 7779 slots (31.7%), MTP drafts 2 per round
[2m2026-10-01T04:03:47.226073Z[0m [32m INFO[0m [2mflashrt_server[0m[2m:[0m engine ready [3mversion[0m[2m=[0m0.1.0 [3march[0m[2m=[0mqwen4exp [3mmax_context[0m[2m=[0m65536
[2m2026-10-01T04:03:47.226423Z[0m [32m INFO[0m [2mflashrt_server[0m[2m:[0m listening on 127.0.0.1:8090
[2m2026-10-01T04:03:47.884836Z[0m [32m INFO[0m [2mflashrt_server::chat[0m[2m:[0m r0: prompt 28 (reused 0) in 455 ms, 3 tokens in 42 ms, Stop
[2m2026-10-01T04:03:49.116285Z[0m [32m INFO[0m [2mflashrt_server::chat[0m[2m:[0m r1: prompt 59 (reused 0) in 507 ms, 56 tokens in 723 ms, Stop
flashrt: prefill of 326 tokens in chunks of 302 (9893 MiB free)
[2m2026-10-01T04:03:50.856992Z[0m [32m INFO[0m [2mflashrt_server::chat[0m[2m:[0m r2: prompt 327 (reused 0) in 1299 ms, 44 tokens in 439 ms, ToolCalls
[2m2026-10-01T04:03:51.760914Z[0m [32m INFO[0m [2mflashrt_server::chat[0m[2m:[0m r3: prompt 402 (reused 372) in 326 ms, 59 tokens in 576 ms, Stop
[2m2026-10-01T04:03:52.252376Z[0m [32m INFO[0m [2mflashrt_server::chat[0m[2m:[0m r4: prompt 24 (reused 0) in 262 ms, 22 tokens in 228 ms, StopSequence
[2m2026-10-01T04:03:52.356117Z[0m [32m INFO[0m [2mflashrt_server::chat[0m[2m:[0m r5: prompt 5 (reused 0) in 80 ms, 2 tokens in 22 ms, Stop
[2m2026-10-01T04:03:53.380589Z[0m [32m INFO[0m [2mflashrt_server::chat[0m[2m:[0m r6: prompt 62 (reused 0) in 539 ms, 57 tokens in 484 ms, Stop
flashrt: prefill of 321 tokens in chunks of 297 (9883 MiB free)
[2m2026-10-01T04:03:54.981295Z[0m [32m INFO[0m [2mflashrt_server::chat[0m[2m:[0m r7: prompt 322 (reused 0) in 1233 ms, 39 tokens in 366 ms, ToolCalls
[2m2026-10-01T04:03:55.626753Z[0m [32m INFO[0m [2mflashrt_server::chat[0m[2m:[0m r8: prompt 60 (reused 0) in 462 ms, 25 tokens in 181 ms, Cancelled
[2m2026-10-01T04:03:55.809214Z[0m [32m INFO[0m [2mflashrt_server::chat[0m[2m:[0m r9: prompt 15 (reused 0) in 157 ms, 1 tokens in 25 ms, Stop
[2m2026-10-01T04:03:55.863714Z[0m [32m INFO[0m [2mflashrt_server::chat[0m[2m:[0m r10: prompt 15 (reused 14) in 11 ms, 2 tokens in 42 ms, Stop
[2m2026-10-01T04:03:55.876031Z[0m [32m INFO[0m [2mflashrt_server[0m[2m:[0m shutting down
[2m2026-10-01T04:03:56.434304Z[0m [32m INFO[0m [2mflashrt_server::engine[0m[2m:[0m engine output ended
[2m2026-10-01T04:03:56.434329Z[0m [31mERROR[0m [2mflashrt_server[0m[2m:[0m the engine is down; exiting in 3 s
[2m2026-10-01T04:03:58.865434Z[0m [32m INFO[0m [2mflashrt_server::engine[0m[2m:[0m engine exited: signal: 15 (SIGTERM)
