trace w9 rc=0
trace wiki rc=0
== w9 budget 8
trace: 384 tokens x 48 layers x top-10
   slots   engine
         engine, 64-token windows: 0.432 0.601 0.642 0.656 0.685 0.781
    7780    0.633
         engine, 64-token windows: 0.475 0.636 0.674 0.689 0.713 0.808
    8634    0.666
== w9 budget 32
trace: 384 tokens x 48 layers x top-10
   slots   engine   static   belady
         engine, 64-token windows: 0.463 0.688 0.732 0.791 0.835 0.871
    7780    0.730    0.896    0.905
         engine, 64-token windows: 0.508 0.716 0.755 0.808 0.848 0.889
    8634    0.754    0.922    0.910
== w9 budget 128
trace: 384 tokens x 48 layers x top-10
   slots   engine
         engine, 64-token windows: 0.470 0.702 0.743 0.806 0.847 0.870
    7780    0.740
         engine, 64-token windows: 0.513 0.727 0.761 0.822 0.858 0.888
    8634    0.762
== wiki budget 8
trace: 384 tokens x 48 layers x top-10
   slots   engine
         engine, 64-token windows: 0.892 0.881 0.864 0.936 0.959 0.580
    7780    0.852
         engine, 64-token windows: 0.910 0.900 0.882 0.950 0.968 0.603
    8634    0.869
== wiki budget 32
trace: 384 tokens x 48 layers x top-10
   slots   engine   static   belady
         engine, 64-token windows: 0.896 0.897 0.878 0.933 0.957 0.715
    7780    0.879    0.924    0.921
         engine, 64-token windows: 0.913 0.914 0.894 0.949 0.967 0.732
    8634    0.895    0.943    0.923
== wiki budget 128
trace: 384 tokens x 48 layers x top-10
   slots   engine
         engine, 64-token windows: 0.899 0.901 0.879 0.932 0.956 0.750
    7780    0.886
         engine, 64-token windows: 0.915 0.917 0.895 0.949 0.967 0.767
    8634    0.901
