wiki32k: 828 of 1537 generated tokens used
wiki32k: verify ms by T 1:9.9, 2:11.2, 3:13.1, 4:15.2, 5:20.4, 6:23.7, 7:25.5, 8:28.3
wiki32k  g=2 M=2: A  145.9 ( +0.0%, lookup rounds 0)  B  127.2 (-12.8%, lookup rounds 348)  C  147.4 ( +1.0%, lookup rounds 125)  D  145.9 ( +0.0%, lookup rounds 0)
wiki32k  g=2 M=4: A  145.8 ( +0.0%, lookup rounds 0)  B  101.5 (-30.4%, lookup rounds 303)  C  138.0 ( -5.3%, lookup rounds 104)  D  121.9 (-16.4%, lookup rounds 266)
wiki32k  g=2 M=7: A  145.6 ( +0.0%, lookup rounds 0)  B   80.7 (-44.6%, lookup rounds 293)  C  126.6 (-13.1%, lookup rounds 96)  D   97.5 (-33.0%, lookup rounds 254)
wiki32k  g=3 M=2: A  145.9 ( +0.0%, lookup rounds 0)  B  136.2 ( -6.7%, lookup rounds 222)  C  146.8 ( +0.7%, lookup rounds 104)  D  145.9 ( +0.0%, lookup rounds 0)
wiki32k  g=3 M=4: A  145.8 ( +0.0%, lookup rounds 0)  B  117.5 (-19.4%, lookup rounds 189)  C  141.1 ( -3.2%, lookup rounds 81)  D  130.3 (-10.6%, lookup rounds 177)
wiki32k  g=3 M=7: A  145.6 ( +0.0%, lookup rounds 0)  B  101.4 (-30.3%, lookup rounds 176)  C  130.8 (-10.2%, lookup rounds 77)  D  112.2 (-22.9%, lookup rounds 164)
wiki32k  g=4 M=2: A  145.9 ( +0.0%, lookup rounds 0)  B  142.0 ( -2.7%, lookup rounds 127)  C  147.3 ( +1.0%, lookup rounds 75)  D  145.9 ( +0.0%, lookup rounds 0)
wiki32k  g=4 M=4: A  145.8 ( +0.0%, lookup rounds 0)  B  128.2 (-12.0%, lookup rounds 111)  C  140.9 ( -3.3%, lookup rounds 61)  D  138.3 ( -5.1%, lookup rounds 114)
wiki32k  g=4 M=7: A  145.6 ( +0.0%, lookup rounds 0)  B  116.7 (-19.8%, lookup rounds 103)  C  133.7 ( -8.2%, lookup rounds 58)  D  127.2 (-12.7%, lookup rounds 101)
wiki245k: 909 of 1537 generated tokens used
wiki245k: verify ms by T 1:12.2, 2:17.3, 3:21.4, 4:26.4, 5:31.0, 6:35.6, 7:40.2, 8:44.8 (T > 4 extrapolated)
wiki245k g=2 M=2: A  111.8 ( +0.0%, lookup rounds 0)  B   95.7 (-14.4%, lookup rounds 377)  C  110.8 ( -0.9%, lookup rounds 182)  D  111.8 ( +0.0%, lookup rounds 0)
wiki245k g=2 M=4: A  111.8 ( +0.0%, lookup rounds 0)  B   87.4 (-21.8%, lookup rounds 291)  C  111.0 ( -0.7%, lookup rounds 134)  D  103.5 ( -7.4%, lookup rounds 236)
wiki245k g=2 M=7: A  111.9 ( +0.0%, lookup rounds 0)  B   72.9 (-34.8%, lookup rounds 249)  C  107.0 ( -4.4%, lookup rounds 107)  D   90.6 (-19.1%, lookup rounds 198)
wiki245k g=3 M=2: A  111.8 ( +0.0%, lookup rounds 0)  B  105.1 ( -6.0%, lookup rounds 289)  C  111.6 ( -0.2%, lookup rounds 188)  D  111.8 ( +0.0%, lookup rounds 0)
wiki245k g=3 M=4: A  111.8 ( +0.0%, lookup rounds 0)  B   99.9 (-10.6%, lookup rounds 214)  C  114.3 ( +2.3%, lookup rounds 134)  D  112.5 ( +0.7%, lookup rounds 186)
wiki245k g=3 M=7: A  111.9 ( +0.0%, lookup rounds 0)  B   88.6 (-20.9%, lookup rounds 174)  C  110.0 ( -1.7%, lookup rounds 104)  D  100.4 (-10.3%, lookup rounds 153)
wiki245k g=4 M=2: A  111.8 ( +0.0%, lookup rounds 0)  B  111.2 ( -0.6%, lookup rounds 215)  C  113.2 ( +1.3%, lookup rounds 167)  D  111.8 ( +0.0%, lookup rounds 0)
wiki245k g=4 M=4: A  111.8 ( +0.0%, lookup rounds 0)  B  111.2 ( -0.5%, lookup rounds 148)  C  117.0 ( +4.6%, lookup rounds 111)  D  115.0 ( +2.9%, lookup rounds 150)
wiki245k g=4 M=7: A  111.9 ( +0.0%, lookup rounds 0)  B  105.2 ( -6.0%, lookup rounds 113)  C  117.6 ( +5.0%, lookup rounds 80)  D  109.5 ( -2.2%, lookup rounds 115)
w9: 524 of 1537 generated tokens used
w9: verify ms by T 1:9.1, 2:13.0, 3:15.8, 4:19.7, 5:23.1, 6:26.5, 7:29.9, 8:33.3 (T > 4 extrapolated)
w9       g=2 M=2: A  117.5 ( +0.0%, lookup rounds 0)  B  113.1 ( -3.7%, lookup rounds 32)  C  117.4 ( -0.1%, lookup rounds 15)  D  117.5 ( +0.0%, lookup rounds 0)
w9       g=2 M=4: A  117.5 ( +0.0%, lookup rounds 0)  B  108.6 ( -7.5%, lookup rounds 30)  C  115.6 ( -1.6%, lookup rounds 14)  D  111.6 ( -5.1%, lookup rounds 44)
w9       g=2 M=7: A  117.5 ( +0.0%, lookup rounds 0)  B  103.5 (-12.0%, lookup rounds 28)  C  112.9 ( -3.9%, lookup rounds 13)  D  102.8 (-12.5%, lookup rounds 43)
w9       g=3 M=2: A  117.5 ( +0.0%, lookup rounds 0)  B  116.8 ( -0.6%, lookup rounds 14)  C  117.2 ( -0.2%, lookup rounds 9)  D  117.5 ( +0.0%, lookup rounds 0)
w9       g=3 M=4: A  117.5 ( +0.0%, lookup rounds 0)  B  115.3 ( -1.9%, lookup rounds 12)  C  116.6 ( -0.8%, lookup rounds 8)  D  115.8 ( -1.4%, lookup rounds 16)
w9       g=3 M=7: A  117.5 ( +0.0%, lookup rounds 0)  B  113.1 ( -3.8%, lookup rounds 11)  C  115.4 ( -1.8%, lookup rounds 7)  D  112.6 ( -4.2%, lookup rounds 15)
w9       g=4 M=2: A  117.5 ( +0.0%, lookup rounds 0)  B  117.7 ( +0.2%, lookup rounds 5)  C  117.6 ( +0.1%, lookup rounds 3)  D  117.5 ( +0.0%, lookup rounds 0)
w9       g=4 M=4: A  117.5 ( +0.0%, lookup rounds 0)  B  118.0 ( +0.4%, lookup rounds 3)  C  118.1 ( +0.5%, lookup rounds 2)  D  117.1 ( -0.4%, lookup rounds 7)
w9       g=4 M=7: A  117.5 ( +0.0%, lookup rounds 0)  B  117.2 ( -0.3%, lookup rounds 3)  C  117.6 ( +0.1%, lookup rounds 2)  D  116.2 ( -1.2%, lookup rounds 6)
