wiki32k: 1537 of 1537 generated tokens used
wiki32k: verify ms by T 1:9.9, 2:11.2, 3:13.1, 4:15.2, 5:20.4, 6:23.7, 7:25.5, 8:28.3
wiki32k  g=2 M=2: A  108.7 ( +0.0%, lookup rounds 0)  B  102.9 ( -5.3%, lookup rounds 518)  C  108.2 ( -0.5%, lookup rounds 120)  D  108.7 ( +0.0%, lookup rounds 0)
wiki32k  g=2 M=4: A  108.7 ( +0.0%, lookup rounds 0)  B   84.0 (-22.7%, lookup rounds 498)  C  103.6 ( -4.7%, lookup rounds 114)  D   83.0 (-23.6%, lookup rounds 660)
wiki32k  g=2 M=7: A  108.8 ( +0.0%, lookup rounds 0)  B   69.6 (-36.0%, lookup rounds 492)  C   97.8 (-10.1%, lookup rounds 114)  D   64.9 (-40.3%, lookup rounds 656)
wiki32k  g=3 M=2: A  108.7 ( +0.0%, lookup rounds 0)  B  106.0 ( -2.5%, lookup rounds 230)  C  108.5 ( -0.2%, lookup rounds 84)  D  108.7 ( +0.0%, lookup rounds 0)
wiki32k  g=3 M=4: A  108.7 ( +0.0%, lookup rounds 0)  B   97.1 (-10.6%, lookup rounds 213)  C  105.5 ( -2.9%, lookup rounds 76)  D   96.5 (-11.2%, lookup rounds 299)
wiki32k  g=3 M=7: A  108.8 ( +0.0%, lookup rounds 0)  B   88.5 (-18.7%, lookup rounds 208)  C  101.8 ( -6.4%, lookup rounds 75)  D   84.7 (-22.2%, lookup rounds 295)
wiki32k  g=4 M=2: A  108.7 ( +0.0%, lookup rounds 0)  B  107.7 ( -1.0%, lookup rounds 97)  C  108.9 ( +0.2%, lookup rounds 45)  D  108.7 ( +0.0%, lookup rounds 0)
wiki32k  g=4 M=4: A  108.7 ( +0.0%, lookup rounds 0)  B  104.4 ( -3.9%, lookup rounds 84)  C  107.6 ( -1.0%, lookup rounds 40)  D  104.2 ( -4.2%, lookup rounds 122)
wiki32k  g=4 M=7: A  108.8 ( +0.0%, lookup rounds 0)  B  100.4 ( -7.8%, lookup rounds 82)  C  105.2 ( -3.3%, lookup rounds 41)  D   98.9 ( -9.1%, lookup rounds 116)
wiki245k: 1537 of 1537 generated tokens used
wiki245k: verify ms by T 1:12.2, 2:17.3, 3:21.4, 4:26.4, 5:31.0, 6:35.6, 7:40.2, 8:44.8 (T > 4 extrapolated)
wiki245k g=2 M=2: A   71.2 ( +0.0%, lookup rounds 0)  B   64.6 ( -9.3%, lookup rounds 580)  C   70.9 ( -0.5%, lookup rounds 138)  D   71.2 ( +0.0%, lookup rounds 0)
wiki245k g=2 M=4: A   71.2 ( +0.0%, lookup rounds 0)  B   53.8 (-24.4%, lookup rounds 554)  C   68.1 ( -4.3%, lookup rounds 128)  D   56.9 (-20.1%, lookup rounds 628)
wiki245k g=2 M=7: A   71.2 ( +0.0%, lookup rounds 0)  B   42.7 (-40.0%, lookup rounds 553)  C   63.3 (-11.1%, lookup rounds 127)  D   43.5 (-39.0%, lookup rounds 623)
wiki245k g=3 M=2: A   71.2 ( +0.0%, lookup rounds 0)  B   68.2 ( -4.3%, lookup rounds 243)  C   71.0 ( -0.3%, lookup rounds 64)  D   71.2 ( +0.0%, lookup rounds 0)
wiki245k g=3 M=4: A   71.2 ( +0.0%, lookup rounds 0)  B   62.4 (-12.3%, lookup rounds 234)  C   69.8 ( -2.0%, lookup rounds 58)  D   64.7 ( -9.2%, lookup rounds 291)
wiki245k g=3 M=7: A   71.2 ( +0.0%, lookup rounds 0)  B   55.5 (-22.1%, lookup rounds 231)  C   67.5 ( -5.2%, lookup rounds 58)  D   56.2 (-21.1%, lookup rounds 283)
wiki245k g=4 M=2: A   71.2 ( +0.0%, lookup rounds 0)  B   70.1 ( -1.5%, lookup rounds 124)  C   71.5 ( +0.4%, lookup rounds 36)  D   71.2 ( +0.0%, lookup rounds 0)
wiki245k g=4 M=4: A   71.2 ( +0.0%, lookup rounds 0)  B   67.3 ( -5.5%, lookup rounds 115)  C   71.0 ( -0.3%, lookup rounds 33)  D   69.0 ( -3.0%, lookup rounds 120)
wiki245k g=4 M=7: A   71.2 ( +0.0%, lookup rounds 0)  B   63.2 (-11.3%, lookup rounds 113)  C   69.8 ( -2.0%, lookup rounds 32)  D   64.5 ( -9.4%, lookup rounds 117)
code: 1537 of 1537 generated tokens used
code: verify ms by T 1:9.9, 2:14.8, 3:19.1, 4:23.9, 5:31.8, 6:37.1, 7:44.0, 8:49.0
code     g=2 M=2: A  141.9 ( +0.0%, lookup rounds 0)  B  107.5 (-24.2%, lookup rounds 740)  C  139.0 ( -2.1%, lookup rounds 318)  D  141.9 ( +0.0%, lookup rounds 0)
code     g=2 M=4: A  141.9 ( +0.0%, lookup rounds 0)  B   93.4 (-34.2%, lookup rounds 513)  C  130.2 ( -8.3%, lookup rounds 244)  D  119.3 (-15.9%, lookup rounds 379)
code     g=2 M=7: A  141.9 ( +0.0%, lookup rounds 0)  B   80.9 (-43.0%, lookup rounds 387)  C  123.2 (-13.2%, lookup rounds 193)  D  101.9 (-28.2%, lookup rounds 296)
code     g=3 M=2: A  141.9 ( +0.0%, lookup rounds 0)  B  123.8 (-12.8%, lookup rounds 640)  C  141.4 ( -0.4%, lookup rounds 407)  D  141.9 ( +0.0%, lookup rounds 0)
code     g=3 M=4: A  141.9 ( +0.0%, lookup rounds 0)  B  114.3 (-19.5%, lookup rounds 417)  C  137.9 ( -2.8%, lookup rounds 277)  D  132.5 ( -6.7%, lookup rounds 340)
code     g=3 M=7: A  141.9 ( +0.0%, lookup rounds 0)  B  106.0 (-25.3%, lookup rounds 293)  C  136.9 ( -3.5%, lookup rounds 194)  D  122.0 (-14.0%, lookup rounds 245)
code     g=4 M=2: A  141.9 ( +0.0%, lookup rounds 0)  B  136.7 ( -3.7%, lookup rounds 578)  C  144.5 ( +1.8%, lookup rounds 453)  D  141.9 ( +0.0%, lookup rounds 0)
code     g=4 M=4: A  141.9 ( +0.0%, lookup rounds 0)  B  127.7 (-10.0%, lookup rounds 372)  C  141.5 ( -0.3%, lookup rounds 300)  D  136.5 ( -3.9%, lookup rounds 330)
code     g=4 M=7: A  141.9 ( +0.0%, lookup rounds 0)  B  129.4 ( -8.8%, lookup rounds 238)  C  143.6 ( +1.2%, lookup rounds 198)  D  137.9 ( -2.8%, lookup rounds 216)
w9: 321 of 321 generated tokens used
w9: verify ms by T 1:9.1, 2:13.0, 3:15.8, 4:19.7, 5:23.1, 6:26.5, 7:29.9, 8:33.3 (T > 4 extrapolated)
w9       g=2 M=2: A  149.7 ( +0.0%, lookup rounds 0)  B  152.7 ( +2.0%, lookup rounds 53)  C  152.4 ( +1.8%, lookup rounds 46)  D  149.7 ( +0.0%, lookup rounds 0)
w9       g=2 M=4: A  149.6 ( +0.0%, lookup rounds 0)  B  149.8 ( +0.1%, lookup rounds 38)  C  154.3 ( +3.1%, lookup rounds 31)  D  153.2 ( +2.4%, lookup rounds 46)
w9       g=2 M=7: A  149.4 ( +0.0%, lookup rounds 0)  B  147.1 ( -1.6%, lookup rounds 27)  C  151.2 ( +1.2%, lookup rounds 23)  D  143.0 ( -4.3%, lookup rounds 37)
w9       g=3 M=2: A  149.7 ( +0.0%, lookup rounds 0)  B  152.1 ( +1.6%, lookup rounds 49)  C  152.3 ( +1.7%, lookup rounds 44)  D  149.7 ( +0.0%, lookup rounds 0)
w9       g=3 M=4: A  149.6 ( +0.0%, lookup rounds 0)  B  152.0 ( +1.6%, lookup rounds 33)  C  156.1 ( +4.4%, lookup rounds 28)  D  158.0 ( +5.6%, lookup rounds 35)
w9       g=3 M=7: A  149.4 ( +0.0%, lookup rounds 0)  B  151.9 ( +1.6%, lookup rounds 23)  C  154.1 ( +3.1%, lookup rounds 21)  D  152.7 ( +2.2%, lookup rounds 27)
w9       g=4 M=2: A  149.7 ( +0.0%, lookup rounds 0)  B  151.8 ( +1.4%, lookup rounds 47)  C  151.9 ( +1.5%, lookup rounds 39)  D  149.7 ( +0.0%, lookup rounds 0)
w9       g=4 M=4: A  149.6 ( +0.0%, lookup rounds 0)  B  152.9 ( +2.2%, lookup rounds 31)  C  157.6 ( +5.4%, lookup rounds 25)  D  156.0 ( +4.3%, lookup rounds 27)
w9       g=4 M=7: A  149.4 ( +0.0%, lookup rounds 0)  B  154.2 ( +3.2%, lookup rounds 21)  C  156.6 ( +4.8%, lookup rounds 19)  D  158.0 ( +5.7%, lookup rounds 19)
