flashrt: GPU weights loaded in 0.8 s
flashrt: experts read into the host arena and registered in 27.6 s
flashrt: forward pass set up in 0.7 s
flashrt: MTP head loaded in 5.3 s
flashrt: 8 prefill checkpoints of 112.7 MiB in host RAM
flashrt: buffers and checkpoints allocated in 0.3 s
flashrt: expert cache and miss server set up in 0.0 s
flashrt: qwen4exp, 48 layers, expert cache 7660 slots (31.2%), MTP drafts 2 per round
[2m2026-09-30T10:53:54.342070Z[0m [32m INFO[0m [2mflashrt_server[0m[2m:[0m engine ready [3mversion[0m[2m=[0m0.1.0 [3march[0m[2m=[0mqwen4exp [3mmax_context[0m[2m=[0m131072
[2m2026-09-30T10:53:54.342186Z[0m [32m INFO[0m [2mflashrt_server[0m[2m:[0m listening on 127.0.0.1:8090
[2m2026-09-30T10:53:56.307087Z[0m [32m INFO[0m [2mflashrt_server::chat[0m[2m:[0m r0: prompt 28 (reused 0) in 671 ms, 3 tokens in 28 ms, Stop
[2m2026-09-30T10:53:58.163228Z[0m [32m INFO[0m [2mflashrt_server::chat[0m[2m:[0m r1: prompt 59 (reused 0) in 469 ms, 141 tokens in 1386 ms, Stop
flashrt: prefill of 326 tokens in chunks of 302 (9735 MiB free)
[2m2026-09-30T10:53:59.829290Z[0m [32m INFO[0m [2mflashrt_server::chat[0m[2m:[0m r2: prompt 327 (reused 0) in 1281 ms, 44 tokens in 383 ms, ToolCalls
[2m2026-09-30T10:54:00.443763Z[0m [32m INFO[0m [2mflashrt_server::chat[0m[2m:[0m r3: prompt 402 (reused 372) in 285 ms, 42 tokens in 327 ms, Stop
[2m2026-09-30T10:54:00.900729Z[0m [32m INFO[0m [2mflashrt_server::chat[0m[2m:[0m r4: prompt 24 (reused 0) in 239 ms, 22 tokens in 216 ms, StopSequence
[2m2026-09-30T10:54:00.997875Z[0m [32m INFO[0m [2mflashrt_server::chat[0m[2m:[0m r5: prompt 5 (reused 0) in 74 ms, 2 tokens in 21 ms, Stop
[2m2026-09-30T10:54:01.945712Z[0m [32m INFO[0m [2mflashrt_server::chat[0m[2m:[0m r6: prompt 62 (reused 0) in 478 ms, 53 tokens in 469 ms, Stop
flashrt: prefill of 321 tokens in chunks of 297 (9725 MiB free)
[2m2026-09-30T10:54:03.769971Z[0m [32m INFO[0m [2mflashrt_server::chat[0m[2m:[0m r7: prompt 322 (reused 0) in 1240 ms, 58 tokens in 582 ms, ToolCalls
[2m2026-09-30T10:54:04.419875Z[0m [32m INFO[0m [2mflashrt_server::chat[0m[2m:[0m r8: prompt 60 (reused 0) in 472 ms, 24 tokens in 176 ms, Cancelled
[2m2026-09-30T10:54:04.610178Z[0m [32m INFO[0m [2mflashrt_server::chat[0m[2m:[0m r9: prompt 15 (reused 0) in 161 ms, 1 tokens in 29 ms, Stop
[2m2026-09-30T10:54:04.645424Z[0m [32m INFO[0m [2mflashrt_server::chat[0m[2m:[0m r10: prompt 15 (reused 14) in 12 ms, 1 tokens in 22 ms, Stop
[2m2026-09-30T10:54:04.657808Z[0m [32m INFO[0m [2mflashrt_server[0m[2m:[0m shutting down
[2m2026-09-30T10:54:05.744665Z[0m [32m INFO[0m [2mflashrt_server::engine[0m[2m:[0m engine output ended
[2m2026-09-30T10:54:05.744703Z[0m [31mERROR[0m [2mflashrt_server[0m[2m:[0m the engine is down; exiting in 3 s
[2m2026-09-30T10:54:07.894743Z[0m [32m INFO[0m [2mflashrt_server::engine[0m[2m:[0m engine exited: exit status: 0
