flashrt: GPU weights loaded in 0.8 s
flashrt: experts read into the host arena and registered in 27.0 s
flashrt: forward pass set up in 0.6 s
flashrt: MTP head loaded in 5.2 s
flashrt: 8 prefill checkpoints of 112.7 MiB in host RAM
flashrt: buffers and checkpoints allocated in 0.3 s
flashrt: expert cache and miss server set up in 0.0 s
flashrt: qwen4exp, 48 layers, expert cache 7660 slots (31.2%), MTP drafts 2 per round
[2m2026-09-30T10:20:55.723185Z[0m [32m INFO[0m [2mflashrt_server[0m[2m:[0m engine ready [3mversion[0m[2m=[0m0.1.0 [3march[0m[2m=[0mqwen4exp [3mmax_context[0m[2m=[0m131072
[2m2026-09-30T10:20:55.723279Z[0m [32m INFO[0m [2mflashrt_server[0m[2m:[0m listening on 127.0.0.1:8090
[2m2026-09-30T10:20:58.359496Z[0m [32m INFO[0m [2mflashrt_server::chat[0m[2m:[0m r0: prompt 28 (reused 0) in 665 ms, 3 tokens in 28 ms, Stop
[2m2026-09-30T10:21:00.197570Z[0m [32m INFO[0m [2mflashrt_server::chat[0m[2m:[0m r1: prompt 59 (reused 0) in 482 ms, 123 tokens in 1355 ms, Stop
flashrt: prefill of 326 tokens in chunks of 302 (9735 MiB free)
[2m2026-09-30T10:21:01.864277Z[0m [32m INFO[0m [2mflashrt_server::chat[0m[2m:[0m r2: prompt 327 (reused 0) in 1278 ms, 44 tokens in 387 ms, ToolCalls
[2m2026-09-30T10:21:02.501455Z[0m [32m INFO[0m [2mflashrt_server::chat[0m[2m:[0m r3: prompt 402 (reused 372) in 296 ms, 42 tokens in 339 ms, Stop
[2m2026-09-30T10:21:02.957596Z[0m [32m INFO[0m [2mflashrt_server::chat[0m[2m:[0m r4: prompt 24 (reused 0) in 240 ms, 22 tokens in 214 ms, StopSequence
[2m2026-09-30T10:21:03.055152Z[0m [32m INFO[0m [2mflashrt_server::chat[0m[2m:[0m r5: prompt 5 (reused 0) in 74 ms, 2 tokens in 21 ms, Stop
[2m2026-09-30T10:21:04.096226Z[0m [32m INFO[0m [2mflashrt_server::chat[0m[2m:[0m r6: prompt 62 (reused 0) in 478 ms, 65 tokens in 562 ms, Stop
flashrt: prefill of 321 tokens in chunks of 297 (9725 MiB free)
[2m2026-09-30T10:21:05.721404Z[0m [32m INFO[0m [2mflashrt_server::chat[0m[2m:[0m r7: prompt 322 (reused 0) in 1223 ms, 52 tokens in 401 ms, ToolCalls
[2m2026-09-30T10:21:06.344124Z[0m [32m INFO[0m [2mflashrt_server::chat[0m[2m:[0m r8: prompt 60 (reused 0) in 462 ms, 25 tokens in 159 ms, Cancelled
[2m2026-09-30T10:21:06.525129Z[0m [32m INFO[0m [2mflashrt_server::chat[0m[2m:[0m r9: prompt 15 (reused 0) in 157 ms, 1 tokens in 24 ms, Stop
[2m2026-09-30T10:21:06.558655Z[0m [32m INFO[0m [2mflashrt_server::chat[0m[2m:[0m r10: prompt 15 (reused 14) in 11 ms, 1 tokens in 21 ms, Stop
[2m2026-09-30T10:21:06.569883Z[0m [32m INFO[0m [2mflashrt_server[0m[2m:[0m shutting down
[2m2026-09-30T10:21:07.579574Z[0m [32m INFO[0m [2mflashrt_server::engine[0m[2m:[0m engine output ended
[2m2026-09-30T10:21:07.579622Z[0m [31mERROR[0m [2mflashrt_server[0m[2m:[0m the engine is down; exiting in 3 s
[2m2026-09-30T10:21:09.721842Z[0m [32m INFO[0m [2mflashrt_server::engine[0m[2m:[0m engine exited: exit status: 0
