w9-base-r3 rc=0 79.20 tok/s expert cache hit rate 74.65% (11 swaps 6635
wiki-base-r3 rc=0 102.56 tok/s expert cache hit rate 93.45% (14 swaps 4090
w9mtp-base-r3 rc=0 87.27 tok/s expert cache hit rate 59.08% (10 swaps 2988
w9-seed-r3 rc=0 84.40 tok/s expert cache hit rate 77.97% (11 swaps 7297
wiki-seed-r3 rc=0 108.72 tok/s expert cache hit rate 93.33% (14 swaps 4497
w9mtp-seed-r3 rc=0 93.96 tok/s expert cache hit rate 66.38% (11 swaps 3832
w9-early-r3 rc=0 86.83 tok/s expert cache hit rate 80.67% (12 swaps 9416
wiki-early-r3 rc=0 108.96 tok/s expert cache hit rate 93.56% (14 swaps 4850
w9mtp-early-r3 rc=0 105.75 tok/s expert cache hit rate 70.79% (12 swaps 5435
w9-early64-r3 rc=0 87.21 tok/s expert cache hit rate 79.23% (12 swaps 8028
wiki-early64-r3 rc=0 108.69 tok/s expert cache hit rate 93.46% (14 swaps 4691
w9mtp-early64-r3 rc=0 99.85 tok/s expert cache hit rate 68.74% (12 swaps 4554
w9-b64-r3 rc=0 86.77 tok/s expert cache hit rate 80.33% (12 swaps 10252
wiki-b64-r3 rc=0 106.19 tok/s expert cache hit rate 93.51% (14 swaps 5326
w9mtp-b64-r3 rc=0 109.50 tok/s expert cache hit rate 72.52% (12 swaps 7083
w9-seed-r4 rc=0 83.90 tok/s expert cache hit rate 78.12% (11 swaps 7342
wiki-seed-r4 rc=0 106.26 tok/s expert cache hit rate 93.36% (14 swaps 4463
w9mtp-seed-r4 rc=0 95.83 tok/s expert cache hit rate 66.38% (11 swaps 3832
w9-early-r4 rc=0 85.70 tok/s expert cache hit rate 80.81% (12 swaps 9565
wiki-early-r4 rc=0 104.97 tok/s expert cache hit rate 93.56% (14 swaps 4819
w9mtp-early-r4 rc=0 101.32 tok/s expert cache hit rate 70.97% (12 swaps 5489
w9-early64-r4 rc=0 86.63 tok/s expert cache hit rate 79.22% (12 swaps 8003
wiki-early64-r4 rc=0 108.48 tok/s expert cache hit rate 93.39% (14 swaps 4637
w9mtp-early64-r4 rc=0 102.52 tok/s expert cache hit rate 68.74% (12 swaps 4554
w9-b64-r4 rc=0 86.28 tok/s expert cache hit rate 80.51% (12 swaps 10313
wiki-b64-r4 rc=0 106.34 tok/s expert cache hit rate 93.43% (14 swaps 5362
w9mtp-b64-r4 rc=0 107.51 tok/s expert cache hit rate 72.52% (12 swaps 7083
w9-base-r4 rc=0 78.11 tok/s expert cache hit rate 74.32% (11 swaps 6490
wiki-base-r4 rc=0 101.06 tok/s expert cache hit rate 93.38% (14 swaps 4137
w9mtp-base-r4 rc=0 88.59 tok/s expert cache hit rate 59.08% (10 swaps 2988
w9-early-r5 rc=0 83.20 tok/s expert cache hit rate 80.74% (12 swaps 9520
wiki-early-r5 rc=0 107.65 tok/s expert cache hit rate 93.58% (14 swaps 4839
w9mtp-early-r5 rc=0 105.33 tok/s expert cache hit rate 70.73% (12 swaps 5401
w9-early64-r5 rc=0 86.57 tok/s expert cache hit rate 79.20% (12 swaps 7958
wiki-early64-r5 rc=0 106.85 tok/s expert cache hit rate 93.44% (14 swaps 4672
w9mtp-early64-r5 rc=0 100.26 tok/s expert cache hit rate 68.74% (12 swaps 4554
w9-b64-r5 rc=0 85.92 tok/s expert cache hit rate 80.58% (12 swaps 10409
wiki-b64-r5 rc=0 107.18 tok/s expert cache hit rate 93.50% (14 swaps 5284
w9mtp-b64-r5 rc=0 108.43 tok/s expert cache hit rate 72.52% (12 swaps 7083
w9-base-r5 rc=0 79.69 tok/s expert cache hit rate 74.40% (11 swaps 6503
wiki-base-r5 rc=0 103.97 tok/s expert cache hit rate 93.39% (14 swaps 4082
w9mtp-base-r5 rc=0 87.09 tok/s expert cache hit rate 59.08% (10 swaps 2988
w9-seed-r5 rc=0 85.18 tok/s expert cache hit rate 78.09% (11 swaps 7297
wiki-seed-r5 rc=0 107.33 tok/s expert cache hit rate 93.34% (14 swaps 4475
w9mtp-seed-r5 rc=0 92.52 tok/s expert cache hit rate 66.38% (11 swaps 3832
