flashrt: GPU weights loaded in 0.8 s
flashrt: experts read into the host arena and registered in 24.2 s
flashrt: forward pass set up in 0.7 s
flashrt: MTP head loaded in 5.2 s
flashrt: 8 prefill checkpoints of 112.7 MiB in host RAM
flashrt: buffers and checkpoints allocated in 0.3 s
flashrt: expert cache and miss server set up in 0.0 s
flashrt: qwen4exp, 48 layers, expert cache 7660 slots (31.2%), MTP drafts 2 per round
[2m2026-09-30T01:46:45.264468Z[0m [32m INFO[0m [2mflashrt_server[0m[2m:[0m engine ready [3mversion[0m[2m=[0m0.1.0 [3march[0m[2m=[0mqwen4exp [3mmax_context[0m[2m=[0m131072
[2m2026-09-30T01:46:45.264580Z[0m [32m INFO[0m [2mflashrt_server[0m[2m:[0m listening on 127.0.0.1:8090
flashrt: prefill of 488 tokens in chunks of 488 (9935 MiB free)
[2m2026-09-30T01:46:47.758043Z[0m [32m INFO[0m [2mflashrt_server::chat[0m[2m:[0m r0: prompt 489 (reused 0) in 1242 ms, 60 tokens in 512 ms, ToolCalls
flashrt: prefill of 7366 tokens in chunks of 7366 (9875 MiB free)
[2m2026-09-30T01:46:49.876834Z[0m [32m INFO[0m [2mflashrt_server::chat[0m[2m:[0m r1: prompt 7918 (reused 551) in 1693 ms, 38 tokens in 421 ms, ToolCalls
flashrt: prefill of 7293 tokens in chunks of 7293 (9855 MiB free)
[2m2026-09-30T01:46:55.333816Z[0m [32m INFO[0m [2mflashrt_server::chat[0m[2m:[0m r2: prompt 15251 (reused 7957) in 1684 ms, 391 tokens in 3767 ms, ToolCalls
[2m2026-09-30T01:46:56.799093Z[0m [32m INFO[0m [2mflashrt_server::chat[0m[2m:[0m r3: prompt 15746 (reused 15644) in 783 ms, 107 tokens in 677 ms, ToolCalls
flashrt: prefill of 6188 tokens in chunks of 6188 (9651 MiB free)
[2m2026-09-30T01:46:59.089127Z[0m [32m INFO[0m [2mflashrt_server::chat[0m[2m:[0m r4: prompt 22042 (reused 15853) in 1485 ms, 69 tokens in 796 ms, ToolCalls
flashrt: prefill of 7673 tokens in chunks of 7673 (9643 MiB free)
[2m2026-09-30T01:47:05.595320Z[0m [32m INFO[0m [2mflashrt_server::chat[0m[2m:[0m r5: prompt 29787 (reused 22113) in 1759 ms, 512 tokens in 4738 ms, Length
flashrt: prefill of 1592 tokens in chunks of 1592 (9643 MiB free)
[2m2026-09-30T01:47:08.516904Z[0m [32m INFO[0m [2mflashrt_server::chat[0m[2m:[0m r6: prompt 31892 (reused 30299) in 1043 ms, 179 tokens in 1870 ms, ToolCalls
flashrt: prefill of 8577 tokens in chunks of 8577 (9633 MiB free)
[2m2026-09-30T01:47:15.697601Z[0m [32m INFO[0m [2mflashrt_server::chat[0m[2m:[0m r7: prompt 40649 (reused 32071) in 1920 ms, 512 tokens in 5247 ms, Length
flashrt: prefill of 7304 tokens in chunks of 7304 (9625 MiB free)
[2m2026-09-30T01:47:21.572336Z[0m [32m INFO[0m [2mflashrt_server::chat[0m[2m:[0m r8: prompt 48466 (reused 41161) in 1724 ms, 363 tokens in 4138 ms, ToolCalls
[2m2026-09-30T01:47:26.795745Z[0m [32m INFO[0m [2mflashrt_server::chat[0m[2m:[0m r9: prompt 48987 (reused 48830) in 1331 ms, 512 tokens in 3879 ms, Length
flashrt: prefill of 3564 tokens in chunks of 3564 (9611 MiB free)
[2m2026-09-30T01:47:32.123721Z[0m [32m INFO[0m [2mflashrt_server::chat[0m[2m:[0m r10: prompt 52551 (reused 48986) in 1130 ms, 512 tokens in 4184 ms, Length
flashrt: prefill of 3136 tokens in chunks of 3136 (9607 MiB free)
[2m2026-09-30T01:47:37.787244Z[0m [32m INFO[0m [2mflashrt_server::chat[0m[2m:[0m r11: prompt 56200 (reused 53063) in 1097 ms, 512 tokens in 4552 ms, Length
[2m2026-09-30T01:47:37.797389Z[0m [32m INFO[0m [2mflashrt_server[0m[2m:[0m shutting down
[2m2026-09-30T01:47:38.806712Z[0m [32m INFO[0m [2mflashrt_server::engine[0m[2m:[0m engine output ended
[2m2026-09-30T01:47:38.806751Z[0m [31mERROR[0m [2mflashrt_server[0m[2m:[0m the engine is down; exiting in 3 s
[2m2026-09-30T01:47:41.028877Z[0m [32m INFO[0m [2mflashrt_server::engine[0m[2m:[0m engine exited: exit status: 0
