vs fixed K=2 (sim): 32k-greedy  32k-t1  245k-greedy  245k-t1  w9-greedy  w9-t1
stop<0.30 Kmax2              gm  +1.6%   +2.7   -0.8   +0.5   +4.0   +0.6   +3.0
stop<0.20 Kmax2              gm  +1.5%   +1.5   +0.3   +0.4   +3.5   +0.4   +2.8
stop<0.10 Kmax2              gm  +1.1%   +0.1   +2.2   +0.3   +2.4   +0.0   +1.4
stop<0.30 Kmax3              gm  +1.1%   +3.2   -0.5   +2.8   +7.2   -6.8   +1.0
stop<0.05 Kmax2              gm  +1.0%   +0.0   +2.2   +0.0   +2.3   +0.0   +1.7
d1 always, later<0.3 Kmax2   gm  +1.0%   +0.7   +1.6   +0.2   +3.3   -0.3   +0.7
stop<0.50 Kmax3              gm  +1.0%   +2.9   -2.9   +4.1   +6.6   -6.8   +2.7
d1 always, later<0.7 Kmax3   gm  +0.9%   +1.5   +1.4   +3.7   +8.6   -8.3   -0.9
stop<0.40 Kmax3              gm  +0.8%   +2.4   -2.2   +3.7   +7.1   -7.7   +2.2
stop<0.40 Kmax2              gm  +0.7%   +1.0   -2.2   +0.8   +3.3   -1.8   +3.1
stop<0.60 Kmax3              gm  +0.6%   +0.2   -4.4   +3.7   +6.0   -6.0   +4.5
d1 always, later<0.5 Kmax2   gm  +0.3%   +0.4   +1.8   +0.6   +3.9   -5.3   +0.7
d1 always, later<0.5 Kmax3   gm  +0.3%   +1.4   +1.5   +3.9   +6.9   -9.8   -1.5
stop<0.20 Kmax3              gm  +0.2%   -1.0   +1.0   +2.0   +5.7   -5.7   -0.2

K from the last round (kept, full): K ;  gm vs fixed 2; per context
0:2 0f:2 1:2 1f:2 2:2 2f:3 3f:3 th=0.3 gm  +2.1%   +3.9   -1.0   +3.3   +6.5   -3.6   +4.1
0:2 0f:2 1:2 1f:2 2:3 2f:3 3f:3 th=0.3 gm  +2.1%   +3.8   -1.0   +3.4   +6.9   -4.0   +3.9
0:2 0f:2 1:2 1f:2 2:1 2f:3 3f:3 th=0.3 gm  +2.1%   +4.0   -0.9   +2.9   +6.6   -3.2   +3.5
0:2 0f:2 1:3 1f:2 2:2 2f:3 3f:3 th=0.3 gm  +2.0%   +4.1   -0.6   +3.1   +6.6   -4.2   +3.5
0:2 0f:2 1:1 1f:2 2:3 2f:3 3f:3 th=0.3 gm  +2.0%   +3.0   -1.4   +3.5   +6.7   -3.2   +3.7
0:2 0f:2 1:1 1f:2 2:2 2f:3 3f:3 th=0.3 gm  +2.0%   +3.1   -1.4   +3.4   +6.3   -2.9   +3.8
0:2 0f:2 1:3 1f:2 2:1 2f:3 3f:3 th=0.3 gm  +2.0%   +4.3   -0.4   +2.7   +6.7   -3.7   +2.8
0:2 0f:2 1:3 1f:2 2:3 2f:3 3f:3 th=0.3 gm  +2.0%   +4.1   -0.6   +3.3   +7.0   -4.9   +3.4
0:2 0f:1 1:2 1f:2 2:2 2f:3 3f:3 th=0.3 gm  +1.9%   +3.7   -1.4   +3.0   +6.8   -3.8   +3.7
0:2 0f:1 1:2 1f:2 2:1 2f:3 3f:3 th=0.3 gm  +1.9%   +3.8   -1.3   +2.7   +6.9   -3.5   +3.4
simple (next K = kept + 1, capped 1..3) th=None gm  +0.6%   -1.5   +2.7   +2.4   +2.7   -0.5   -2.1
simple (next K = kept + 1, capped 1..3) th=0.3 gm  +1.7%   +2.5   -1.5   +3.0   +7.0   -3.4   +2.8
